2026-08-23 03:35:57,095 INFO bizro.main: Bizro server up. dashscope=mock whatsapp=mock signature_validation=disabled mock_mode=auto db=sqlite:///./bizro.db
2026-08-23 03:35:57,095 WARNING bizro.main: DashScope is in MOCK mode — all model output is clearly-labeled synthetic. Set DASHSCOPE_API_KEY (HANDOFF.md ①) for live calls.
2026-08-23 03:38:09,529 WARNING bizro.whatsapp: Webhook signature validation DISABLED: WHATSAPP_APP_SECRET not set (fine for the simulator path; set it before exposing a real tunnel).
2026-08-23 03:38:09,609 ERROR bizro.webhook: Message handling failed (wamid=wamid.QASWEEP9eede42178)
Traceback (most recent call last):
  File "D:\02-Study\AlkhidmatHackathon\server\app\webhook.py", line 83, in webhook_ingest
    outcome = _handle_message(msg, contacts, sim_envelope)
  File "D:\02-Study\AlkhidmatHackathon\server\app\webhook.py", line 107, in _handle_message
    outcome = _ingest_media(
        session, merchant, msg, sim_envelope, occurred_at, kind="voice"
    )
  File "D:\02-Study\AlkhidmatHackathon\server\app\webhook.py", line 184, in _ingest_media
    tx = dispatch.persist_transaction(session, merchant, tx_data, blob.id)
  File "D:\02-Study\AlkhidmatHackathon\server\app\dispatch.py", line 216, in persist_transaction
    parsed = TransactionIn.model_validate(tx_data)
  File "D:\02-Study\AlkhidmatHackathon\.venv\Lib\site-packages\pydantic\main.py", line 732, in model_validate
    return cls.__pydantic_validator__.validate_python(
           ~~~~~~~~~~~~~~~~~~~~~~~~~~~~~~~~~~~~~~~~~~^
        obj,
        ^^^^
    ...<5 lines>...
        by_name=by_name,
        ^^^^^^^^^^^^^^^^
    )
    ^
pydantic_core._pydantic_core.ValidationError: 1 validation error for TransactionIn
amount_pkd
  Input should be greater than 0 [type=greater_than, input_value=0.0, input_type=float]
    For further information visit https://errors.pydantic.dev/2.13/v/greater_than
2026-08-23 03:38:11,701 WARNING bizro.whatsapp: Webhook signature validation DISABLED: WHATSAPP_APP_SECRET not set (fine for the simulator path; set it before exposing a real tunnel).
2026-08-23 03:38:11,710 ERROR bizro.webhook: Message handling failed (wamid=wamid.QASWEEP9eede42178)
Traceback (most recent call last):
  File "D:\02-Study\AlkhidmatHackathon\server\app\webhook.py", line 83, in webhook_ingest
    outcome = _handle_message(msg, contacts, sim_envelope)
  File "D:\02-Study\AlkhidmatHackathon\server\app\webhook.py", line 107, in _handle_message
    outcome = _ingest_media(
        session, merchant, msg, sim_envelope, occurred_at, kind="voice"
    )
  File "D:\02-Study\AlkhidmatHackathon\server\app\webhook.py", line 184, in _ingest_media
    tx = dispatch.persist_transaction(session, merchant, tx_data, blob.id)
  File "D:\02-Study\AlkhidmatHackathon\server\app\dispatch.py", line 216, in persist_transaction
    parsed = TransactionIn.model_validate(tx_data)
  File "D:\02-Study\AlkhidmatHackathon\.venv\Lib\site-packages\pydantic\main.py", line 732, in model_validate
    return cls.__pydantic_validator__.validate_python(
           ~~~~~~~~~~~~~~~~~~~~~~~~~~~~~~~~~~~~~~~~~~^
        obj,
        ^^^^
    ...<5 lines>...
        by_name=by_name,
        ^^^^^^^^^^^^^^^^
    )
    ^
pydantic_core._pydantic_core.ValidationError: 1 validation error for TransactionIn
amount_pkd
  Input should be greater than 0 [type=greater_than, input_value=0.0, input_type=float]
    For further information visit https://errors.pydantic.dev/2.13/v/greater_than
2026-08-23 03:38:19,797 WARNING bizro.whatsapp: Webhook signature validation DISABLED: WHATSAPP_APP_SECRET not set (fine for the simulator path; set it before exposing a real tunnel).
2026-08-23 03:38:19,818 ERROR bizro.webhook: Message handling failed (wamid=wamid.QAa1c3c66d)
Traceback (most recent call last):
  File "D:\02-Study\AlkhidmatHackathon\server\app\webhook.py", line 83, in webhook_ingest
    outcome = _handle_message(msg, contacts, sim_envelope)
  File "D:\02-Study\AlkhidmatHackathon\server\app\webhook.py", line 107, in _handle_message
    outcome = _ingest_media(
        session, merchant, msg, sim_envelope, occurred_at, kind="voice"
    )
  File "D:\02-Study\AlkhidmatHackathon\server\app\webhook.py", line 184, in _ingest_media
    tx = dispatch.persist_transaction(session, merchant, tx_data, blob.id)
  File "D:\02-Study\AlkhidmatHackathon\server\app\dispatch.py", line 216, in persist_transaction
    parsed = TransactionIn.model_validate(tx_data)
  File "D:\02-Study\AlkhidmatHackathon\.venv\Lib\site-packages\pydantic\main.py", line 732, in model_validate
    return cls.__pydantic_validator__.validate_python(
           ~~~~~~~~~~~~~~~~~~~~~~~~~~~~~~~~~~~~~~~~~~^
        obj,
        ^^^^
    ...<5 lines>...
        by_name=by_name,
        ^^^^^^^^^^^^^^^^
    )
    ^
pydantic_core._pydantic_core.ValidationError: 1 validation error for TransactionIn
amount_pkd
  Input should be greater than 0 [type=greater_than, input_value=0.0, input_type=float]
    For further information visit https://errors.pydantic.dev/2.13/v/greater_than
2026-08-23 03:39:22,473 WARNING bizro.whatsapp: Webhook signature validation DISABLED: WHATSAPP_APP_SECRET not set (fine for the simulator path; set it before exposing a real tunnel).
2026-08-23 03:39:22,505 WARNING bizro.whatsapp: MOCK OUTBOUND (not sent — no WhatsApp credentials): to=923009000777 body='احمد کو 5000 روپے (پانچ ہزار روپے) ادھار دیے۔ کیا یہ درست ہے؟'
2026-08-23 03:39:24,560 WARNING bizro.whatsapp: Webhook signature validation DISABLED: WHATSAPP_APP_SECRET not set (fine for the simulator path; set it before exposing a real tunnel).
2026-08-23 03:39:24,579 WARNING bizro.whatsapp: MOCK OUTBOUND (not sent — no WhatsApp credentials): to=923009000777 body='احمد کو 5000 روپے (پانچ ہزار روپے) ادھار دیے۔ کیا یہ درست ہے؟'
ERROR:    Exception in ASGI application
Traceback (most recent call last):
  File "D:\02-Study\AlkhidmatHackathon\.venv\Lib\site-packages\uvicorn\protocols\http\httptools_impl.py", line 422, in run_asgi
    result = await app(  # type: ignore[func-returns-value]
             ^^^^^^^^^^^^^^^^^^^^^^^^^^^^^^^^^^^^^^^^^^^^^^
        self.scope, self.receive, self.send
        ^^^^^^^^^^^^^^^^^^^^^^^^^^^^^^^^^^^
    )
    ^
  File "D:\02-Study\AlkhidmatHackathon\.venv\Lib\site-packages\uvicorn\middleware\proxy_headers.py", line 63, in __call__
    return await self.app(scope, receive, send)
           ^^^^^^^^^^^^^^^^^^^^^^^^^^^^^^^^^^^^
  File "D:\02-Study\AlkhidmatHackathon\.venv\Lib\site-packages\fastapi\applications.py", line 1163, in __call__
    await super().__call__(scope, receive, send)
  File "D:\02-Study\AlkhidmatHackathon\.venv\Lib\site-packages\starlette\applications.py", line 96, in __call__
    await self.middleware_stack(scope, receive, send)
  File "D:\02-Study\AlkhidmatHackathon\.venv\Lib\site-packages\starlette\middleware\errors.py", line 186, in __call__
    raise exc
  File "D:\02-Study\AlkhidmatHackathon\.venv\Lib\site-packages\starlette\middleware\errors.py", line 164, in __call__
    await self.app(scope, receive, _send)
  File "D:\02-Study\AlkhidmatHackathon\.venv\Lib\site-packages\starlette\middleware\exceptions.py", line 63, in __call__
    await wrap_app_handling_exceptions(self.app, conn)(scope, receive, send)
  File "D:\02-Study\AlkhidmatHackathon\.venv\Lib\site-packages\starlette\_exception_handler.py", line 53, in wrapped_app
    raise exc
  File "D:\02-Study\AlkhidmatHackathon\.venv\Lib\site-packages\starlette\_exception_handler.py", line 42, in wrapped_app
    await app(scope, receive, sender)
  File "D:\02-Study\AlkhidmatHackathon\.venv\Lib\site-packages\fastapi\middleware\asyncexitstack.py", line 18, in __call__
    await self.app(scope, receive, send)
  File "D:\02-Study\AlkhidmatHackathon\.venv\Lib\site-packages\starlette\routing.py", line 670, in __call__
    await self.middleware_stack(scope, receive, send)
  File "D:\02-Study\AlkhidmatHackathon\.venv\Lib\site-packages\fastapi\routing.py", line 2734, in app
    await route.handle(scope, receive, send)
  File "D:\02-Study\AlkhidmatHackathon\.venv\Lib\site-packages\fastapi\routing.py", line 1780, in handle
    await self.original_router.handle(scope, receive, send)
  File "D:\02-Study\AlkhidmatHackathon\.venv\Lib\site-packages\fastapi\routing.py", line 2789, in handle
    await included_router._handle_selected(scope, receive, send)
  File "D:\02-Study\AlkhidmatHackathon\.venv\Lib\site-packages\fastapi\routing.py", line 1800, in _handle_selected
    await original_route.handle(scope, receive, send)
  File "D:\02-Study\AlkhidmatHackathon\.venv\Lib\site-packages\fastapi\routing.py", line 1279, in handle
    await app(scope, receive, send)
  File "D:\02-Study\AlkhidmatHackathon\.venv\Lib\site-packages\fastapi\routing.py", line 158, in app
    await wrap_app_handling_exceptions(app, request)(scope, receive, send)
  File "D:\02-Study\AlkhidmatHackathon\.venv\Lib\site-packages\starlette\_exception_handler.py", line 53, in wrapped_app
    raise exc
  File "D:\02-Study\AlkhidmatHackathon\.venv\Lib\site-packages\starlette\_exception_handler.py", line 42, in wrapped_app
    await app(scope, receive, sender)
  File "D:\02-Study\AlkhidmatHackathon\.venv\Lib\site-packages\fastapi\routing.py", line 144, in app
    response = await f(request)
               ^^^^^^^^^^^^^^^^
  File "D:\02-Study\AlkhidmatHackathon\.venv\Lib\site-packages\fastapi\routing.py", line 706, in app
    raw_response = await run_endpoint_function(
                   ^^^^^^^^^^^^^^^^^^^^^^^^^^^^
    ...<3 lines>...
    )
    ^
  File "D:\02-Study\AlkhidmatHackathon\.venv\Lib\site-packages\fastapi\routing.py", line 354, in run_endpoint_function
    return await run_in_threadpool(dependant.call, **values)
           ^^^^^^^^^^^^^^^^^^^^^^^^^^^^^^^^^^^^^^^^^^^^^^^^^
  File "D:\02-Study\AlkhidmatHackathon\.venv\Lib\site-packages\starlette\concurrency.py", line 34, in run_in_threadpool
    return await anyio.to_thread.run_sync(func)
           ^^^^^^^^^^^^^^^^^^^^^^^^^^^^^^^^^^^^
  File "D:\02-Study\AlkhidmatHackathon\.venv\Lib\site-packages\anyio\to_thread.py", line 65, in run_sync
    return await get_async_backend().run_sync_in_worker_thread(
           ^^^^^^^^^^^^^^^^^^^^^^^^^^^^^^^^^^^^^^^^^^^^^^^^^^^^
        func, args, abandon_on_cancel=abandon_on_cancel, limiter=limiter
        ^^^^^^^^^^^^^^^^^^^^^^^^^^^^^^^^^^^^^^^^^^^^^^^^^^^^^^^^^^^^^^^^
    )
    ^
  File "D:\02-Study\AlkhidmatHackathon\.venv\Lib\site-packages\anyio\_backends\_asyncio.py", line 2641, in run_sync_in_worker_thread
    return await future
           ^^^^^^^^^^^^
  File "D:\02-Study\AlkhidmatHackathon\.venv\Lib\site-packages\anyio\_backends\_asyncio.py", line 1033, in run
    result = context.run(func, *args)
  File "D:\02-Study\AlkhidmatHackathon\server\app\api.py", line 219, in patch_transaction
    func.lower(Customer.name) == name.lower(),
    ^^^^
NameError: name 'func' is not defined
ERROR:    Exception in ASGI application
Traceback (most recent call last):
  File "D:\02-Study\AlkhidmatHackathon\.venv\Lib\site-packages\uvicorn\protocols\http\httptools_impl.py", line 422, in run_asgi
    result = await app(  # type: ignore[func-returns-value]
             ^^^^^^^^^^^^^^^^^^^^^^^^^^^^^^^^^^^^^^^^^^^^^^
        self.scope, self.receive, self.send
        ^^^^^^^^^^^^^^^^^^^^^^^^^^^^^^^^^^^
    )
    ^
  File "D:\02-Study\AlkhidmatHackathon\.venv\Lib\site-packages\uvicorn\middleware\proxy_headers.py", line 63, in __call__
    return await self.app(scope, receive, send)
           ^^^^^^^^^^^^^^^^^^^^^^^^^^^^^^^^^^^^
  File "D:\02-Study\AlkhidmatHackathon\.venv\Lib\site-packages\fastapi\applications.py", line 1163, in __call__
    await super().__call__(scope, receive, send)
  File "D:\02-Study\AlkhidmatHackathon\.venv\Lib\site-packages\starlette\applications.py", line 96, in __call__
    await self.middleware_stack(scope, receive, send)
  File "D:\02-Study\AlkhidmatHackathon\.venv\Lib\site-packages\starlette\middleware\errors.py", line 186, in __call__
    raise exc
  File "D:\02-Study\AlkhidmatHackathon\.venv\Lib\site-packages\starlette\middleware\errors.py", line 164, in __call__
    await self.app(scope, receive, _send)
  File "D:\02-Study\AlkhidmatHackathon\.venv\Lib\site-packages\starlette\middleware\exceptions.py", line 63, in __call__
    await wrap_app_handling_exceptions(self.app, conn)(scope, receive, send)
  File "D:\02-Study\AlkhidmatHackathon\.venv\Lib\site-packages\starlette\_exception_handler.py", line 53, in wrapped_app
    raise exc
  File "D:\02-Study\AlkhidmatHackathon\.venv\Lib\site-packages\starlette\_exception_handler.py", line 42, in wrapped_app
    await app(scope, receive, sender)
  File "D:\02-Study\AlkhidmatHackathon\.venv\Lib\site-packages\fastapi\middleware\asyncexitstack.py", line 18, in __call__
    await self.app(scope, receive, send)
  File "D:\02-Study\AlkhidmatHackathon\.venv\Lib\site-packages\starlette\routing.py", line 670, in __call__
    await self.middleware_stack(scope, receive, send)
  File "D:\02-Study\AlkhidmatHackathon\.venv\Lib\site-packages\fastapi\routing.py", line 2734, in app
    await route.handle(scope, receive, send)
  File "D:\02-Study\AlkhidmatHackathon\.venv\Lib\site-packages\fastapi\routing.py", line 1780, in handle
    await self.original_router.handle(scope, receive, send)
  File "D:\02-Study\AlkhidmatHackathon\.venv\Lib\site-packages\fastapi\routing.py", line 2789, in handle
    await included_router._handle_selected(scope, receive, send)
  File "D:\02-Study\AlkhidmatHackathon\.venv\Lib\site-packages\fastapi\routing.py", line 1800, in _handle_selected
    await original_route.handle(scope, receive, send)
  File "D:\02-Study\AlkhidmatHackathon\.venv\Lib\site-packages\fastapi\routing.py", line 1279, in handle
    await app(scope, receive, send)
  File "D:\02-Study\AlkhidmatHackathon\.venv\Lib\site-packages\fastapi\routing.py", line 158, in app
    await wrap_app_handling_exceptions(app, request)(scope, receive, send)
  File "D:\02-Study\AlkhidmatHackathon\.venv\Lib\site-packages\starlette\_exception_handler.py", line 53, in wrapped_app
    raise exc
  File "D:\02-Study\AlkhidmatHackathon\.venv\Lib\site-packages\starlette\_exception_handler.py", line 42, in wrapped_app
    await app(scope, receive, sender)
  File "D:\02-Study\AlkhidmatHackathon\.venv\Lib\site-packages\fastapi\routing.py", line 144, in app
    response = await f(request)
               ^^^^^^^^^^^^^^^^
  File "D:\02-Study\AlkhidmatHackathon\.venv\Lib\site-packages\fastapi\routing.py", line 706, in app
    raw_response = await run_endpoint_function(
                   ^^^^^^^^^^^^^^^^^^^^^^^^^^^^
    ...<3 lines>...
    )
    ^
  File "D:\02-Study\AlkhidmatHackathon\.venv\Lib\site-packages\fastapi\routing.py", line 354, in run_endpoint_function
    return await run_in_threadpool(dependant.call, **values)
           ^^^^^^^^^^^^^^^^^^^^^^^^^^^^^^^^^^^^^^^^^^^^^^^^^
  File "D:\02-Study\AlkhidmatHackathon\.venv\Lib\site-packages\starlette\concurrency.py", line 34, in run_in_threadpool
    return await anyio.to_thread.run_sync(func)
           ^^^^^^^^^^^^^^^^^^^^^^^^^^^^^^^^^^^^
  File "D:\02-Study\AlkhidmatHackathon\.venv\Lib\site-packages\anyio\to_thread.py", line 65, in run_sync
    return await get_async_backend().run_sync_in_worker_thread(
           ^^^^^^^^^^^^^^^^^^^^^^^^^^^^^^^^^^^^^^^^^^^^^^^^^^^^
        func, args, abandon_on_cancel=abandon_on_cancel, limiter=limiter
        ^^^^^^^^^^^^^^^^^^^^^^^^^^^^^^^^^^^^^^^^^^^^^^^^^^^^^^^^^^^^^^^^
    )
    ^
  File "D:\02-Study\AlkhidmatHackathon\.venv\Lib\site-packages\anyio\_backends\_asyncio.py", line 2641, in run_sync_in_worker_thread
    return await future
           ^^^^^^^^^^^^
  File "D:\02-Study\AlkhidmatHackathon\.venv\Lib\site-packages\anyio\_backends\_asyncio.py", line 1033, in run
    result = context.run(func, *args)
  File "D:\02-Study\AlkhidmatHackathon\server\app\api.py", line 219, in patch_transaction
    func.lower(Customer.name) == name.lower(),
    ^^^^
NameError: name 'func' is not defined
